[browser] A tree hydrated but some attributes of the server rendered HTML didn't match the client properties. This won't be patched up. This can happen if a SSR-ed Client Component used:

- A server/client branch `if (typeof window !== 'undefined')`.
- Variable input such as `Date.now()` or `Math.random()` which changes each time it's called.
- Date formatting in a user's locale which doesn't match the server.
- External changing data without sending a snapshot of it along with the HTML.
- Invalid HTML tag nesting.

It can also happen if the client has a browser extension installed which messes with the HTML before React loaded.

https://react.dev/link/hydration-mismatch

  ...
    <AppDevOverlayErrorBoundary globalError={[...]}>
      <ReplaySsrOnlyErrors>
      <DevRootHTTPAccessFallbackBoundary>
        <HTTPAccessFallbackBoundary notFound={<NotAllowedRootHTTPFallbackError>}>
          <HTTPAccessFallbackErrorBoundary pathname="/" notFound={<NotAllowedRootHTTPFallbackError>} ...>
            <RedirectBoundary>
              <RedirectErrorBoundary router={{...}}>
                <Head>
                <__next_root_layout_boundary__>
                  <SegmentViewNode type="layout" pagePath="layout.tsx">
                    <SegmentTrieNode>
                    <link>
                    <script>
                    <RootLayout>
                      <html lang="en" className="geist_db84...">
                        <body className="min-h-full...">
                          <Navbar>
                            <header className="sticky top...">
                              <div className="mx-auto fl...">
                                <div>
                                <div className="flex items...">
                                  <button
                                    onClick={function Navbar.useCallback[handleRefresh]}
                                    disabled={false}
                                    className="flex items-center gap-1.5 rounded-lg border border-yc-line bg-yc-surfac..."
+                                   title="Refresh data"
-                                   title="Data is stale (older than 24h). Click to refresh."
                                  >
                                  ...
                          ...
                ...
 
